MPLINK 5.09, LINKER
Linker Map File - Created Thu Nov 24 01:46:42 2022

                                 Section Info
                  Section       Type    Address   Location Size(Bytes)
                ---------  ---------  ---------  ---------  ---------
                   .org_0       code   0x000000    program   0x000004
                   .cinit    romdata   0x000004    program   0x000002
                   .org_1       code   0x000008    program   0x00004e
.config_300001_BUILD/DEFAULT/PRODUCTION/ADVANCE    romdata   0x300001    program   0x000001
.config_300002_BUILD/DEFAULT/PRODUCTION/ADVANCE    romdata   0x300002    program   0x000001
.config_300003_BUILD/DEFAULT/PRODUCTION/ADVANCE    romdata   0x300003    program   0x000001
.config_300005_BUILD/DEFAULT/PRODUCTION/ADVANCE    romdata   0x300005    program   0x000001
.config_300006_BUILD/DEFAULT/PRODUCTION/ADVANCE    romdata   0x300006    program   0x000001
.config_300008_BUILD/DEFAULT/PRODUCTION/ADVANCE    romdata   0x300008    program   0x000001
.config_300009_BUILD/DEFAULT/PRODUCTION/ADVANCE    romdata   0x300009    program   0x000001
.config_30000A_BUILD/DEFAULT/PRODUCTION/ADVANCE    romdata   0x30000a    program   0x000001
.config_30000B_BUILD/DEFAULT/PRODUCTION/ADVANCE    romdata   0x30000b    program   0x000001
.config_30000C_BUILD/DEFAULT/PRODUCTION/ADVANCE    romdata   0x30000c    program   0x000001
.config_30000D_BUILD/DEFAULT/PRODUCTION/ADVANCE    romdata   0x30000d    program   0x000001



                              Program Memory Usage 
                               Start         End      
                           ---------   ---------      
                            0x000000    0x000005      
                            0x000008    0x000055      
                            0x300001    0x300003      
                            0x300005    0x300006      
                            0x300008    0x30000d      
            95 out of 33048 program addresses used, program memory utilization is 0%



                              Symbols - Sorted by Name
                     Name    Address   Location    Storage File                     
                ---------  ---------  ---------  --------- ---------                
                      ISR   0x000004    program     static C:\Users\Kane\MPLABXProjects\Lab7-00.X\advance.asm
                  Initial   0x00002e    program     static C:\Users\Kane\MPLABXProjects\Lab7-00.X\advance.asm
                    case1   0x000020    program     static C:\Users\Kane\MPLABXProjects\Lab7-00.X\advance.asm
                    case2   0x000026    program     static C:\Users\Kane\MPLABXProjects\Lab7-00.X\advance.asm
             change_timer   0x000014    program     static C:\Users\Kane\MPLABXProjects\Lab7-00.X\advance.asm
               finish_ISR   0x00002a    program     static C:\Users\Kane\MPLABXProjects\Lab7-00.X\advance.asm
                     main   0x000054    program     static C:\Users\Kane\MPLABXProjects\Lab7-00.X\advance.asm
                  setting   0x000028    program     static C:\Users\Kane\MPLABXProjects\Lab7-00.X\advance.asm



                              Symbols - Sorted by Address
                     Name    Address   Location    Storage File                     
                ---------  ---------  ---------  --------- ---------                
                      ISR   0x000004    program     static C:\Users\Kane\MPLABXProjects\Lab7-00.X\advance.asm
             change_timer   0x000014    program     static C:\Users\Kane\MPLABXProjects\Lab7-00.X\advance.asm
                    case1   0x000020    program     static C:\Users\Kane\MPLABXProjects\Lab7-00.X\advance.asm
                    case2   0x000026    program     static C:\Users\Kane\MPLABXProjects\Lab7-00.X\advance.asm
                  setting   0x000028    program     static C:\Users\Kane\MPLABXProjects\Lab7-00.X\advance.asm
               finish_ISR   0x00002a    program     static C:\Users\Kane\MPLABXProjects\Lab7-00.X\advance.asm
                  Initial   0x00002e    program     static C:\Users\Kane\MPLABXProjects\Lab7-00.X\advance.asm
                     main   0x000054    program     static C:\Users\Kane\MPLABXProjects\Lab7-00.X\advance.asm


