MPLINK 5.09, LINKER
Linker Map File - Created Thu Oct 27 13:15:26 2022

                                 Section Info
                  Section       Type    Address   Location Size(Bytes)
                ---------  ---------  ---------  ---------  ---------
                   .org_0       code   0x000000    program   0x000050
                   .cinit    romdata   0x000050    program   0x000002
                    dbgP0       code   0x007dc0    program   0x000240
.config_300001_BUILD/DEFAULT/DEBUG/BONUS.O    romdata   0x300001    program   0x000001
.config_300003_BUILD/DEFAULT/DEBUG/BONUS.O    romdata   0x300003    program   0x000001
.config_300006_BUILD/DEFAULT/DEBUG/BONUS.O    romdata   0x300006    program   0x000001
                    dbgD0      udata   0x0005f4       data   0x00000c



                              Program Memory Usage 
                               Start         End      
                           ---------   ---------      
                            0x000000    0x000051      
                            0x007dc0    0x007fff      
                            0x300001    0x300001      
                            0x300003    0x300003      
                            0x300006    0x300006      
            661 out of 33048 program addresses used, program memory utilization is 2%



                              Symbols - Sorted by Name
                     Name    Address   Location    Storage File                     
                ---------  ---------  ---------  --------- ---------                
                  _1LOOP1   0x000030    program     static C:\Users\Kane\MPLABXProjects\Lab6-02.X\bonus.asm
                  _1LOOP2   0x00002c    program     static C:\Users\Kane\MPLABXProjects\Lab6-02.X\bonus.asm
            check_process   0x00001e    program     static C:\Users\Kane\MPLABXProjects\Lab6-02.X\bonus.asm
                    fixed   0x000016    program     static C:\Users\Kane\MPLABXProjects\Lab6-02.X\bonus.asm
                      int   0x000000    program     static C:\Users\Kane\MPLABXProjects\Lab6-02.X\bonus.asm
                     loop   0x000028    program     static C:\Users\Kane\MPLABXProjects\Lab6-02.X\bonus.asm
                    start   0x000000    program     static C:\Users\Kane\MPLABXProjects\Lab6-02.X\bonus.asm
                   status   0x000024    program     static C:\Users\Kane\MPLABXProjects\Lab6-02.X\bonus.asm



                              Symbols - Sorted by Address
                     Name    Address   Location    Storage File                     
                ---------  ---------  ---------  --------- ---------                
                      int   0x000000    program     static C:\Users\Kane\MPLABXProjects\Lab6-02.X\bonus.asm
                    start   0x000000    program     static C:\Users\Kane\MPLABXProjects\Lab6-02.X\bonus.asm
                    fixed   0x000016    program     static C:\Users\Kane\MPLABXProjects\Lab6-02.X\bonus.asm
            check_process   0x00001e    program     static C:\Users\Kane\MPLABXProjects\Lab6-02.X\bonus.asm
                   status   0x000024    program     static C:\Users\Kane\MPLABXProjects\Lab6-02.X\bonus.asm
                     loop   0x000028    program     static C:\Users\Kane\MPLABXProjects\Lab6-02.X\bonus.asm
                  _1LOOP2   0x00002c    program     static C:\Users\Kane\MPLABXProjects\Lab6-02.X\bonus.asm
                  _1LOOP1   0x000030    program     static C:\Users\Kane\MPLABXProjects\Lab6-02.X\bonus.asm


