MPLINK 5.09, LINKER
Linker Map File - Created Thu Nov 24 11:28:51 2022

                                 Section Info
                  Section       Type    Address   Location Size(Bytes)
                ---------  ---------  ---------  ---------  ---------
                   .org_0       code   0x000000    program   0x000004
                   .cinit    romdata   0x000004    program   0x000002
                   .org_1       code   0x000008    program   0x0000ac
                    dbgP0       code   0x007dc0    program   0x000240
.config_300001_BUILD/DEFAULT/DEBUG/BASIC_2.O    romdata   0x300001    program   0x000001
.config_300002_BUILD/DEFAULT/DEBUG/BASIC_2.O    romdata   0x300002    program   0x000001
.config_300003_BUILD/DEFAULT/DEBUG/BASIC_2.O    romdata   0x300003    program   0x000001
.config_300005_BUILD/DEFAULT/DEBUG/BASIC_2.O    romdata   0x300005    program   0x000001
.config_300006_BUILD/DEFAULT/DEBUG/BASIC_2.O    romdata   0x300006    program   0x000001
.config_300008_BUILD/DEFAULT/DEBUG/BASIC_2.O    romdata   0x300008    program   0x000001
.config_300009_BUILD/DEFAULT/DEBUG/BASIC_2.O    romdata   0x300009    program   0x000001
.config_30000A_BUILD/DEFAULT/DEBUG/BASIC_2.O    romdata   0x30000a    program   0x000001
.config_30000B_BUILD/DEFAULT/DEBUG/BASIC_2.O    romdata   0x30000b    program   0x000001
.config_30000C_BUILD/DEFAULT/DEBUG/BASIC_2.O    romdata   0x30000c    program   0x000001
.config_30000D_BUILD/DEFAULT/DEBUG/BASIC_2.O    romdata   0x30000d    program   0x000001
                    dbgD0      udata   0x0005f4       data   0x00000c



                              Program Memory Usage 
                               Start         End      
                           ---------   ---------      
                            0x000000    0x000005      
                            0x000008    0x0000b3      
                            0x007dc0    0x007fff      
                            0x300001    0x300003      
                            0x300005    0x300006      
                            0x300008    0x30000d      
            765 out of 33048 program addresses used, program memory utilization is 2%



                              Symbols - Sorted by Name
                     Name    Address   Location    Storage File                     
                ---------  ---------  ---------  --------- ---------                
                      ISR   0x000004    program     static C:\Users\Kane\MPLABXProjects\Lab7-00.X\basic_2.asm
                  Initial   0x00000e    program     static C:\Users\Kane\MPLABXProjects\Lab7-00.X\basic_2.asm
                  _1LOOP1   0x000036    program     static C:\Users\Kane\MPLABXProjects\Lab7-00.X\basic_2.asm
                  _1LOOP2   0x000032    program     static C:\Users\Kane\MPLABXProjects\Lab7-00.X\basic_2.asm
                  _2LOOP1   0x000056    program     static C:\Users\Kane\MPLABXProjects\Lab7-00.X\basic_2.asm
                  _2LOOP2   0x000052    program     static C:\Users\Kane\MPLABXProjects\Lab7-00.X\basic_2.asm
                  _3LOOP1   0x00007a    program     static C:\Users\Kane\MPLABXProjects\Lab7-00.X\basic_2.asm
                  _3LOOP2   0x000076    program     static C:\Users\Kane\MPLABXProjects\Lab7-00.X\basic_2.asm
                  _4LOOP1   0x00009a    program     static C:\Users\Kane\MPLABXProjects\Lab7-00.X\basic_2.asm
                  _4LOOP2   0x000096    program     static C:\Users\Kane\MPLABXProjects\Lab7-00.X\basic_2.asm
                   finish   0x0000b0    program     static C:\Users\Kane\MPLABXProjects\Lab7-00.X\basic_2.asm
                     main   0x000022    program     static C:\Users\Kane\MPLABXProjects\Lab7-00.X\basic_2.asm
                   state1   0x00002c    program     static C:\Users\Kane\MPLABXProjects\Lab7-00.X\basic_2.asm
                   state2   0x000070    program     static C:\Users\Kane\MPLABXProjects\Lab7-00.X\basic_2.asm



                              Symbols - Sorted by Address
                     Name    Address   Location    Storage File                     
                ---------  ---------  ---------  --------- ---------                
                      ISR   0x000004    program     static C:\Users\Kane\MPLABXProjects\Lab7-00.X\basic_2.asm
                  Initial   0x00000e    program     static C:\Users\Kane\MPLABXProjects\Lab7-00.X\basic_2.asm
                     main   0x000022    program     static C:\Users\Kane\MPLABXProjects\Lab7-00.X\basic_2.asm
                   state1   0x00002c    program     static C:\Users\Kane\MPLABXProjects\Lab7-00.X\basic_2.asm
                  _1LOOP2   0x000032    program     static C:\Users\Kane\MPLABXProjects\Lab7-00.X\basic_2.asm
                  _1LOOP1   0x000036    program     static C:\Users\Kane\MPLABXProjects\Lab7-00.X\basic_2.asm
                  _2LOOP2   0x000052    program     static C:\Users\Kane\MPLABXProjects\Lab7-00.X\basic_2.asm
                  _2LOOP1   0x000056    program     static C:\Users\Kane\MPLABXProjects\Lab7-00.X\basic_2.asm
                   state2   0x000070    program     static C:\Users\Kane\MPLABXProjects\Lab7-00.X\basic_2.asm
                  _3LOOP2   0x000076    program     static C:\Users\Kane\MPLABXProjects\Lab7-00.X\basic_2.asm
                  _3LOOP1   0x00007a    program     static C:\Users\Kane\MPLABXProjects\Lab7-00.X\basic_2.asm
                  _4LOOP2   0x000096    program     static C:\Users\Kane\MPLABXProjects\Lab7-00.X\basic_2.asm
                  _4LOOP1   0x00009a    program     static C:\Users\Kane\MPLABXProjects\Lab7-00.X\basic_2.asm
                   finish   0x0000b0    program     static C:\Users\Kane\MPLABXProjects\Lab7-00.X\basic_2.asm


