MPLINK 5.09, LINKER
Linker Map File - Created Tue Oct 11 21:20:32 2022

                                 Section Info
                  Section       Type    Address   Location Size(Bytes)
                ---------  ---------  ---------  ---------  ---------
                   .org_0       code   0x000000    program   0x000054
                   .cinit    romdata   0x000054    program   0x000002
.config_300001_BUILD/DEFAULT/DEBUG/BONUS.O    romdata   0x300001    program   0x000001
.config_300003_BUILD/DEFAULT/DEBUG/BONUS.O    romdata   0x300003    program   0x000001



                              Program Memory Usage 
                               Start         End      
                           ---------   ---------      
                            0x000000    0x000055      
                            0x300001    0x300001      
                            0x300003    0x300003      
            88 out of 33048 program addresses used, program memory utilization is 0%



                              Symbols - Sorted by Name
                     Name    Address   Location    Storage File                     
                ---------  ---------  ---------  --------- ---------                
                       L1   0x000036    program     static C:\Users\Kane\MPLABXProjects\Lab4-00.X\bonus.asm
                       L2   0x000042    program     static C:\Users\Kane\MPLABXProjects\Lab4-00.X\bonus.asm
                   finish   0x00004a    program     static C:\Users\Kane\MPLABXProjects\Lab4-00.X\bonus.asm
                    hanoi   0x00002a    program     static C:\Users\Kane\MPLABXProjects\Lab4-00.X\bonus.asm
                     init   0x000000    program     static C:\Users\Kane\MPLABXProjects\Lab4-00.X\bonus.asm
                     loop   0x000012    program     static C:\Users\Kane\MPLABXProjects\Lab4-00.X\bonus.asm
                   printf   0x000046    program     static C:\Users\Kane\MPLABXProjects\Lab4-00.X\bonus.asm



                              Symbols - Sorted by Address
                     Name    Address   Location    Storage File                     
                ---------  ---------  ---------  --------- ---------                
                     init   0x000000    program     static C:\Users\Kane\MPLABXProjects\Lab4-00.X\bonus.asm
                     loop   0x000012    program     static C:\Users\Kane\MPLABXProjects\Lab4-00.X\bonus.asm
                    hanoi   0x00002a    program     static C:\Users\Kane\MPLABXProjects\Lab4-00.X\bonus.asm
                       L1   0x000036    program     static C:\Users\Kane\MPLABXProjects\Lab4-00.X\bonus.asm
                       L2   0x000042    program     static C:\Users\Kane\MPLABXProjects\Lab4-00.X\bonus.asm
                   printf   0x000046    program     static C:\Users\Kane\MPLABXProjects\Lab4-00.X\bonus.asm
                   finish   0x00004a    program     static C:\Users\Kane\MPLABXProjects\Lab4-00.X\bonus.asm


