Microchip MPLAB XC8 Compiler V2.40

Linker command line:

-W-3 \
  --edf=C:\Program Files\Microchip\xc8\v2.40\pic\dat\20220703182018_en.msgs \
  -cn -h+dist/default/debug\Uarttest.X.debug.sym \
  --cmf=dist/default/debug\Uarttest.X.debug.cmf -z -Q18F4520 \
  -oC:\Users\Kane\AppData\Local\Temp\xcAs1j8c.4 --defsym=__MPLAB_BUILD=1 \
  --fixupoverflow=error -Mdist/default/debug/Uarttest.X.debug.map \
  --md=C:\Users\Kane\AppData\Local\Temp\xcAs1j8c.dat -E1 -ver=XC8 Compiler \
  --acfsm=1493 -ACODE=00h-07DBFh -ACONST=00h-07DBFh \
  -ASMALLCONST=0600h-06FFhx119,07D00h-07DBFh -AMEDIUMCONST=0600h-07DBFh \
  -ACOMRAM=01h-07Fh -AABS1=00h-05F3h -ABIGRAM=01h-05F3h \
  -ARAM=080h-0FFh,0100h-01FFhx4,0500h-05F3h -ABANK0=080h-0FFh \
  -ABANK1=0100h-01FFh -ABANK2=0200h-02FFh -ABANK3=0300h-03FFh \
  -ABANK4=0400h-04FFh -ABANK5=0500h-05F3h \
  -ASFR=0F80h-0F9Bh,0F9Dh-0FD3h,0FD5h-0FDAh,0FE0h-0FE2h,0FE8h-0FEAh,0FF0h-0FFCh \
  -ABIGSFR=0F80h-0F9Bh,0F9Dh-0FD3h,0FD5h-0FDAh,0FE0h-0FE2h,0FE8h-0FEAh,0FF0h-0FFCh \
  -ACONFIG=0300000h-030000Dh -AIDLOC=0200000h-0200007h \
  -AEEDATA=0F00000h-0F000FFh -peeprom_data=EEDATA \
  -preset_vec=00h,intcode,intcodelo,powerup,init -pramtop=0600h \
  -psmallconst=SMALLCONST -pmediumconst=MEDIUMCONST -pconst=CONST \
  -AFARRAM=00h-00h \
  -prdata=COMRAM,nvrram=COMRAM,nvbit=COMRAM,rbss=COMRAM,rbit=COMRAM \
  -pfarbss=FARRAM,fardata=FARRAM,nvFARRAM=FARRAM \
  -pintsave_regs=BIGRAM,bigbss=BIGRAM,bigdata=BIGRAM -pbss=RAM \
  -pidata=CODE,irdata=CODE,ibigdata=CODE,ifardata=CODE -prparam=COMRAM \
  C:\Users\Kane\AppData\Local\Temp\xcAs1j8c.o \
  dist/default/debug\Uarttest.X.debug.o 

Object code version is 3.11

Machine type is 18F4520



                Name                               Link     Load   Length Selector   Space Scale
C:\Users\Kane\AppData\Local\Temp\xcAs1j8c.o
                idloc                            200000   200000        8        0       5
                config                           300000   300000        E        0       4
                init                                  0        0        4        0       0
dist/default/debug\Uarttest.X.debug.o
                idloc                            200000   200000        8        0       5
                config                           300000   300000        E        0       4
                text3                              7D58     7D58       28     3EAC       0
                text2                              7D32     7D32       26     3E99       0
                text1                              7D1C     7D1C       16     3E8E       0
                text0                              7D80     7D80       40     3EC0       0
                cstackCOMRAM                          1        1        2        1       1
                cinit                              7D16     7D16        6     3E8B       0

TOTAL           Name                               Link     Load   Length     Space
        CLASS   CODE           
                init                                  0        0        4         0
                text3                              7D58     7D58       28         0
                text2                              7D32     7D32       26         0
                text1                              7D1C     7D1C       16         0
                text0                              7D80     7D80       40         0
                cinit                              7D16     7D16        6         0

        CLASS   CONST          

        CLASS   SMALLCONST     

        CLASS   MEDIUMCONST    

        CLASS   COMRAM         
                cstackCOMRAM                          1        1        2         1

        CLASS   ABS1           

        CLASS   BIGRAM         

        CLASS   RAM            

        CLASS   BANK0          

        CLASS   BANK1          

        CLASS   BANK2          

        CLASS   BANK3          

        CLASS   BANK4          

        CLASS   BANK5          

        CLASS   SFR            

        CLASS   BIGSFR         

        CLASS   CONFIG         
                config                           300000   300000        E         4

        CLASS   IDLOC          
                idloc                            200000   200000        8         5

        CLASS   EEDATA         

        CLASS   FARRAM         

        CLASS   HEAP           

        CLASS   STACK          



SEGMENTS        Name                           Load    Length   Top    Selector   Space  Class

                reset_vec                      000000  000004  000004         0       0  CODE    
                cstackCOMRAM                   000001  000002  000003         1       1  COMRAM  
                cinit                          007D16  000006  007D1C      3E8B       0  CODE    
                text1                          007D1C  000016  007D32      3E8E       0  CODE    
                text2                          007D32  000026  007D58      3E99       0  CODE    
                text3                          007D58  000028  007D80      3EAC       0  CODE    
                text0                          007D80  000040  007DC0      3EC0       0  CODE    


UNUSED ADDRESS RANGES

        Name                Unused          Largest block    Delta
        BANK0            000080-0000FF               80
        BANK1            000100-0001FF              100
        BANK2            000200-0002FF              100
        BANK3            000300-0003FF              100
        BANK4            000400-0004FF              100
        BANK5            000500-0005F3               F4
        BIGRAM           000003-0005F3              5F1
        BIGSFR           000F80-000F9B               1C
                         000F9D-000FD3               37
                         000FD5-000FDA                6
                         000FE0-000FE2                3
                         000FE8-000FEA                3
                         000FF0-000FFC                D
        CODE             000004-007D15             7D12
        COMRAM           000003-00007F               7D
        CONST            000004-007D15             7D12
        EEDATA           F00000-F000FF              100
        MEDIUMCONST      000600-007D15             7716
        RAM              000080-0005F3              100
        SFR              000F80-000F9B               1C
                         000F9D-000FD3               37
                         000FD5-000FDA                6
                         000FE0-000FE2                3
                         000FE8-000FEA                3
                         000FF0-000FFC                D
        SMALLCONST       000600-007D15              100

                                  Symbol Table

_BAUDCONbits             (abs)        000FB8
_CREN                    (abs)        007D5C
_IPR1bits                (abs)        000F9F
_IRCF0                   (abs)        007E9C
_IRCF1                   (abs)        007E9D
_IRCF2                   (abs)        007E9E
_PIE1bits                (abs)        000F9D
_PIR1bits                (abs)        000F9E
_RCREG                   (abs)        000FAE
_RCSTAbits               (abs)        000FAB
_SPBRG                   (abs)        000FAF
_TRISCbits               (abs)        000F94
_TXREG                   (abs)        000FAD
_TXSTAbits               (abs)        000FAC
__HRAM                   (abs)        000000
__Habs1                  abs1         000000
__Hbank0                 bank0        000000
__Hbank1                 bank1        000000
__Hbank2                 bank2        000000
__Hbank3                 bank3        000000
__Hbank4                 bank4        000000
__Hbank5                 bank5        000000
__Hbigbss                bigbss       000000
__Hbigdata               bigdata      000000
__Hbigram                bigram       000000
__Hbigsfr                bigsfr       000000
__Hbss                   bss          000000
__Hcinit                 cinit        000000
__Hclrtext               clrtext      000000
__Hcomram                comram       000000
__Hconfig                config       30000E
__Hconst                 const        000000
__HcstackCOMRAM          cstackCOMRAM 000000
__Hdata                  data         000000
__Heeprom_data           eeprom_data  000000
__Hfarbss                farbss       000000
__Hfardata               fardata      000000
__Hheap                  heap         000000
__Hibigdata              ibigdata     000000
__Hidata                 idata        000000
__Hidloc                 idloc        200008
__Hifardata              ifardata     000000
__Hinit                  init         000004
__Hintcode               intcode      000000
__Hintcode_body          intcode_body 000000
__Hintcodelo             intcodelo    000000
__Hintentry              intentry     000000
__Hintret                intret       000000
__Hintsave_regs          intsave_regs 000000
__Hirdata                irdata       000000
__Hmediumconst           mediumconst  000000
__HnvFARRAM              nvFARRAM     000000
__Hnvbit                 nvbit        000000
__Hnvrram                nvrram       000000
__Hparam                 rparam       000000
__Hpowerup               powerup      000000
__Hram                   ram          000000
__Hramtop                ramtop       000600
__Hrbit                  rbit         000000
__Hrbss                  rbss         000000
__Hrdata                 rdata        000000
__Hreset_vec             reset_vec    000000
__Hrparam                rparam       000000
__Hsfr                   sfr          000000
__Hsmallconst            smallconst   000000
__Hspace_0               (abs)        007DC0
__Hspace_1               (abs)        000003
__Hspace_2               (abs)        000000
__Hspace_4               (abs)        60000E
__Hstack                 stack        000000
__Hstruct                struct       000000
__Htemp                  temp         000000
__Htext                  text         000000
__Htext0                 text0        000000
__Htext1                 text1        000000
__Htext2                 text2        000000
__Htext3                 text3        000000
__LRAM                   (abs)        000001
__Labs1                  abs1         000000
__Lbank0                 bank0        000000
__Lbank1                 bank1        000000
__Lbank2                 bank2        000000
__Lbank3                 bank3        000000
__Lbank4                 bank4        000000
__Lbank5                 bank5        000000
__Lbigbss                bigbss       000000
__Lbigdata               bigdata      000000
__Lbigram                bigram       000000
__Lbigsfr                bigsfr       000000
__Lbss                   bss          000000
__Lcinit                 cinit        000000
__Lclrtext               clrtext      000000
__Lcomram                comram       000000
__Lconfig                config       000000
__Lconst                 const        000000
__LcstackCOMRAM          cstackCOMRAM 000000
__Ldata                  data         000000
__Leeprom_data           eeprom_data  000000
__Lfarbss                farbss       000000
__Lfardata               fardata      000000
__Lheap                  heap         000000
__Libigdata              ibigdata     000000
__Lidata                 idata        000000
__Lidloc                 idloc        000000
__Lifardata              ifardata     000000
__Linit                  init         000000
__Lintcode               intcode      000000
__Lintcode_body          intcode_body 000000
__Lintcodelo             intcodelo    000000
__Lintentry              intentry     000000
__Lintret                intret       000000
__Lintsave_regs          intsave_regs 000000
__Lirdata                irdata       000000
__Lmediumconst           mediumconst  000000
__LnvFARRAM              nvFARRAM     000000
__Lnvbit                 nvbit        000000
__Lnvrram                nvrram       000000
__Lparam                 rparam       000000
__Lpowerup               powerup      000000
__Lram                   ram          000000
__Lramtop                ramtop       000600
__Lrbit                  rbit         000000
__Lrbss                  rbss         000000
__Lrdata                 rdata        000000
__Lreset_vec             reset_vec    000000
__Lrparam                rparam       000000
__Lsfr                   sfr          000000
__Lsmallconst            smallconst   000000
__Lspace_0               (abs)        000000
__Lspace_1               (abs)        000000
__Lspace_2               (abs)        000000
__Lspace_4               (abs)        000000
__Lstack                 stack        000000
__Lstruct                struct       000000
__Ltemp                  temp         000000
__Ltext                  text         000000
__Ltext0                 text0        000000
__Ltext1                 text1        000000
__Ltext2                 text2        000000
__Ltext3                 text3        000000
__S0                     (abs)        007DC0
__S1                     (abs)        000003
__S4                     (abs)        000000
__S5                     (abs)        000000
___heap_hi               (abs)        000000
___heap_lo               (abs)        000000
___inthi_sp              stack        000000
___intlo_sp              stack        000000
___param_bank            (abs)        000000
___rparam_used           (abs)        000001
___sp                    stack        000000
__accesstop              (abs)        000080
__activetblptr           (abs)        000000
__end_of__initialization cinit        007D16
__end_of_main            text0        007DC0
__end_of_test_uart_init  text3        007D80
__end_of_test_uart_read  text2        007D58
__end_of_test_uart_write text1        007D32
__initialization         cinit        007D16
__mediumconst            mediumconst  000000
__pcinit                 cinit        007D16
__pcstackCOMRAM          cstackCOMRAM 000001
__ptext0                 text0        007D80
__ptext1                 text1        007D1C
__ptext2                 text2        007D32
__ptext3                 text3        007D58
__ramtop                 ramtop       000600
__smallconst             smallconst   000000
_main                    text0        007D80
_test_uart_init          text3        007D58
_test_uart_read          text2        007D32
_test_uart_write         text1        007D1C
end_of_initialization    cinit        007D16
intlevel0                text         000000
intlevel1                text         000000
intlevel2                text         000000
intlevel3                text         000000
isa$std                  (abs)        000001
isa$xinst                (abs)        000000
main@c                   cstackCOMRAM 000002
stackhi                  (abs)        000000
stacklo                  (abs)        000000
start                    init         000000
start_initialization     cinit        007D16
test_uart_write@data     cstackCOMRAM 000001


MODULE INFORMATION

Module		Function		Class		Link	Load	Size
test_uart.c
		_test_uart_init		CODE           	7D58	0000	40
		_test_uart_write		CODE           	7D1C	0000	22
		_test_uart_read		CODE           	7D32	0000	38

test_uart.c estimated size: 100

shared
		__initialization		CODE           	7D16	0000	1

shared estimated size: 1

main.c
		_main          		CODE           	7D80	0000	64

main.c estimated size: 64

