MPLINK 5.09, LINKER
Linker Map File - Created Tue Oct 25 16:42:17 2022

                                 Section Info
                  Section       Type    Address   Location Size(Bytes)
                ---------  ---------  ---------  ---------  ---------
                   .org_0       code   0x000000    program   0x000054
                   .cinit    romdata   0x000054    program   0x000002
.config_300001_BUILD/DEFAULT/PRODUCTION/ADVANCE    romdata   0x300001    program   0x000001
.config_300003_BUILD/DEFAULT/PRODUCTION/ADVANCE    romdata   0x300003    program   0x000001
.config_300006_BUILD/DEFAULT/PRODUCTION/ADVANCE    romdata   0x300006    program   0x000001



                              Program Memory Usage 
                               Start         End      
                           ---------   ---------      
                            0x000000    0x000055      
                            0x300001    0x300001      
                            0x300003    0x300003      
                            0x300006    0x300006      
            89 out of 33048 program addresses used, program memory utilization is 0%



                              Symbols - Sorted by Name
                     Name    Address   Location    Storage File                     
                ---------  ---------  ---------  --------- ---------                
                  _1LOOP1   0x00002a    program     static C:\Users\Kane\MPLABXProjects\Lab6-02.X\advance.asm
                  _1LOOP2   0x000026    program     static C:\Users\Kane\MPLABXProjects\Lab6-02.X\advance.asm
            check_process   0x00001a    program     static C:\Users\Kane\MPLABXProjects\Lab6-02.X\advance.asm
                    fixed   0x000048    program     static C:\Users\Kane\MPLABXProjects\Lab6-02.X\advance.asm
                      int   0x000000    program     static C:\Users\Kane\MPLABXProjects\Lab6-02.X\advance.asm
                    start   0x000000    program     static C:\Users\Kane\MPLABXProjects\Lab6-02.X\advance.asm
                   status   0x000020    program     static C:\Users\Kane\MPLABXProjects\Lab6-02.X\advance.asm



                              Symbols - Sorted by Address
                     Name    Address   Location    Storage File                     
                ---------  ---------  ---------  --------- ---------                
                      int   0x000000    program     static C:\Users\Kane\MPLABXProjects\Lab6-02.X\advance.asm
                    start   0x000000    program     static C:\Users\Kane\MPLABXProjects\Lab6-02.X\advance.asm
            check_process   0x00001a    program     static C:\Users\Kane\MPLABXProjects\Lab6-02.X\advance.asm
                   status   0x000020    program     static C:\Users\Kane\MPLABXProjects\Lab6-02.X\advance.asm
                  _1LOOP2   0x000026    program     static C:\Users\Kane\MPLABXProjects\Lab6-02.X\advance.asm
                  _1LOOP1   0x00002a    program     static C:\Users\Kane\MPLABXProjects\Lab6-02.X\advance.asm
                    fixed   0x000048    program     static C:\Users\Kane\MPLABXProjects\Lab6-02.X\advance.asm


