Microchip MPLAB XC8 Compiler V2.40

Linker command line:

-W-3 \
  --edf=C:\Program Files\Microchip\xc8\v2.40\pic\dat\20220703182018_en.msgs \
  -cn -h+dist/default/production\Lab10-advance.X.production.sym \
  --cmf=dist/default/production\Lab10-advance.X.production.cmf -z -Q18F4520 \
  -oC:\Users\Kane\AppData\Local\Temp\xcAsr3g.4 --defsym=__MPLAB_BUILD=1 \
  --fixupoverflow=error \
  -Mdist/default/production/Lab10-advance.X.production.map \
  --md=C:\Users\Kane\AppData\Local\Temp\xcAsr3g.dat -E1 -ver=XC8 Compiler \
  --acfsm=1493 -ACODE=00h-07FFFh -ACONST=00h-07FFFh \
  -ASMALLCONST=0600h-06FFhx122 -AMEDIUMCONST=0600h-07FFFh -ACOMRAM=01h-07Fh \
  -AABS1=00h-05FFh -ABIGRAM=01h-05FFh -ARAM=080h-0FFh,0100h-01FFhx5 \
  -ABANK0=080h-0FFh -ABANK1=0100h-01FFh -ABANK2=0200h-02FFh \
  -ABANK3=0300h-03FFh -ABANK4=0400h-04FFh -ABANK5=0500h-05FFh \
  -ASFR=0F80h-0FFFh -ABIGSFR=0F80h-0FFFh -ACONFIG=0300000h-030000Dh \
  -AIDLOC=0200000h-0200007h -AEEDATA=0F00000h-0F000FFh -peeprom_data=EEDATA \
  -preset_vec=00h,intcode=08h,intcodelo=018h,powerup,init -pramtop=0600h \
  -psmallconst=SMALLCONST -pmediumconst=MEDIUMCONST -pconst=CONST \
  -AFARRAM=00h-00h \
  -prdata=COMRAM,nvrram=COMRAM,nvbit=COMRAM,rbss=COMRAM,rbit=COMRAM \
  -pfarbss=FARRAM,fardata=FARRAM,nvFARRAM=FARRAM \
  -pintsave_regs=BIGRAM,bigbss=BIGRAM,bigdata=BIGRAM -pbss=RAM \
  -pidata=CODE,irdata=CODE,ibigdata=CODE,ifardata=CODE -prparam=COMRAM \
  C:\Users\Kane\AppData\Local\Temp\xcAsr3g.o \
  dist/default/production\Lab10-advance.X.production.o 

Object code version is 3.11

Machine type is 18F4520



                Name                               Link     Load   Length Selector   Space Scale
C:\Users\Kane\AppData\Local\Temp\xcAsr3g.o
                idloc                            200000   200000        8        0       5
                config                           300000   300000        E        0       4
                init                                 6C       6C        4        C       0
                reset_vec                             0        0        4        0       0
dist/default/production\Lab10-advance.X.production.o
                intcodelo                            18       18       54        C       0
                intcode                               8        8        6        4       0
                idloc                            200000   200000        8        0       5
                config                           300000   300000        E        0       4
                temp                                 49       49        1        1       1
                intcode_body                        506      506        6        C       0
                text18                              4C0      4C0       16        C       0
                text17                              1B4      1B4       B0        C       0
                text16                              264      264       72        C       0
                text14                              37E      37E       42        C       0
                text13                              4EC      4EC        A        C       0
                text12                              4AA      4AA       16        C       0
                text11                              4D6      4D6        C        C       0
                text10                              4FE      4FE        8        C       0
                text9                               4F6      4F6        8        C       0
                text8                               42A      42A       2A        C       0
                text7                               494      494       16        C       0
                text6                               454      454       26        C       0
                text5                               3FE      3FE       2C        C       0
                text4                               338      338       46        C       0
                text3                                70       70      144        C       0
                text2                               4E2      4E2        A        C       0
                text1                               3C0      3C0       3E        C       0
                text0                               2D6      2D6       62        C       0
                cstackCOMRAM                         2B       2B       1E        1       1
                bssCOMRAM                             1        1       2A        1       1
                cinit                               47A      47A       1A        C       0

TOTAL           Name                               Link     Load   Length     Space
        CLASS   CODE           
                intcodelo                            18       18       54         0
                intcode                               8        8        6         0
                init                                 6C       6C        4         0
                reset_vec                             0        0        4         0
                intcode_body                        506      506        6         0
                text18                              4C0      4C0       16         0
                text17                              1B4      1B4       B0         0
                text16                              264      264       72         0
                text14                              37E      37E       42         0
                text13                              4EC      4EC        A         0
                text12                              4AA      4AA       16         0
                text11                              4D6      4D6        C         0
                text10                              4FE      4FE        8         0
                text9                               4F6      4F6        8         0
                text8                               42A      42A       2A         0
                text7                               494      494       16         0
                text6                               454      454       26         0
                text5                               3FE      3FE       2C         0
                text4                               338      338       46         0
                text3                                70       70      144         0
                text2                               4E2      4E2        A         0
                text1                               3C0      3C0       3E         0
                text0                               2D6      2D6       62         0
                cinit                               47A      47A       1A         0

        CLASS   CONST          

        CLASS   SMALLCONST     

        CLASS   MEDIUMCONST    

        CLASS   COMRAM         
                temp                                 49       49        1         1
                cstackCOMRAM                         2B       2B       1E         1
                bssCOMRAM                             1        1       2A         1

        CLASS   ABS1           

        CLASS   BIGRAM         

        CLASS   RAM            

        CLASS   BANK0          

        CLASS   BANK1          

        CLASS   BANK2          

        CLASS   BANK3          

        CLASS   BANK4          

        CLASS   BANK5          

        CLASS   SFR            

        CLASS   BIGSFR         

        CLASS   CONFIG         
                config                           300000   300000        E         4

        CLASS   IDLOC          
                idloc                            200000   200000        8         5

        CLASS   EEDATA         

        CLASS   FARRAM         

        CLASS   HEAP           

        CLASS   STACK          



SEGMENTS        Name                           Load    Length   Top    Selector   Space  Class

                reset_vec                      000000  000004  000004         0       0  CODE    
                bssCOMRAM                      000001  000049  00004A         1       1  COMRAM  
                intcode                        000008  000006  00000E         4       0  CODE    
                intcodelo                      000018  0004F4  00050C         C       0  CODE    


UNUSED ADDRESS RANGES

        Name                Unused          Largest block    Delta
        BANK0            000080-0000FF               80
        BANK1            000100-0001FF              100
        BANK2            000200-0002FF              100
        BANK3            000300-0003FF              100
        BANK4            000400-0004FF              100
        BANK5            000500-0005FF              100
        BIGRAM           00004A-0005FF              5B6
        BIGSFR           000F80-000FFF               80
        CODE             000004-000007                4
                         00000E-000017                A
                         00050C-007FFF             7AF4
        COMRAM           00004A-00007F               36
        CONST            000004-000007                4
                         00000E-000017                A
                         00050C-007FFF             7AF4
        EEDATA           F00000-F000FF              100
        MEDIUMCONST      000600-007FFF             7A00
        RAM              000080-0005FF              100
        SFR              000F80-000FFF               80
        SMALLCONST       000600-007FFF              100

                                  Symbol Table

?_GetString                    cstackCOMRAM 000037
?___awmod                      cstackCOMRAM 00002B
?___wmul                       cstackCOMRAM 000037
?_atoi                         cstackCOMRAM 00003D
?_getstrLen                    cstackCOMRAM 000037
?_isdigit                      cstackCOMRAM 000037
?_isspace                      cstackCOMRAM 000037
ClearBuffer@i                  cstackCOMRAM 000037
UART_Write@data                cstackCOMRAM 00002B
_ADCON0bits                    (abs)        000FC2
_ADCON1                        (abs)        000FC1
_ADCON2bits                    (abs)        000FC0
_ADC_Initialize                text12       0004AA
_ADFM                          (abs)        007E07
_ADRESH                        (abs)        000FC4
_ADRESL                        (abs)        000FC3
_BAUDCONbits                   (abs)        000FB8
_CCP1CON                       (abs)        000FBD
_CCP1_Initialize               text11       0004D6
_CREN                          (abs)        007D5C
_ClearBuffer                   text14       00037E
_GetString                     text13       0004EC
_Hi_ISR                        intcode      000008
_INTCONbits                    (abs)        000FF2
_INTERRUPT_Initialize          text10       0004FE
_IPR1bits                      (abs)        000F9F
_IRCF0                         (abs)        007E9C
_IRCF1                         (abs)        007E9D
_IRCF2                         (abs)        007E9E
_LATD                          (abs)        000F8C
_Lo_ISR                        intcodelo    000018
_MyusartRead                   text16       000264
_OSCILLATOR_Initialize         text9        0004F6
_PIE1bits                      (abs)        000F9D
_PIR1bits                      (abs)        000F9E
_RCIF                          (abs)        007CF5
_RCONbits                      (abs)        000FD0
_RCREG                         (abs)        000FAE
_RCSTAbits                     (abs)        000FAB
_SPBRG                         (abs)        000FAF
_SYSTEM_Initialize             text7        000494
_TRISA                         (abs)        000F92
_TRISCbits                     (abs)        000F94
_TRISD                         (abs)        000F95
_TXREG                         (abs)        000FAD
_TXSTAbits                     (abs)        000FAC
_UART_Initialize               text8        00042A
_UART_Write                    text18       0004C0
__HRAM                         (abs)        000000
__Habs1                        abs1         000000
__Hbank0                       bank0        000000
__Hbank1                       bank1        000000
__Hbank2                       bank2        000000
__Hbank3                       bank3        000000
__Hbank4                       bank4        000000
__Hbank5                       bank5        000000
__Hbigbss                      bigbss       000000
__Hbigdata                     bigdata      000000
__Hbigram                      bigram       000000
__Hbigsfr                      bigsfr       000000
__Hbss                         bss          000000
__HbssCOMRAM                   bssCOMRAM    000000
__Hcinit                       cinit        000000
__Hclrtext                     clrtext      000000
__Hcomram                      comram       000000
__Hconfig                      config       30000E
__Hconst                       const        000000
__HcstackCOMRAM                cstackCOMRAM 000000
__Hdata                        data         000000
__Heeprom_data                 eeprom_data  000000
__Hfarbss                      farbss       000000
__Hfardata                     fardata      000000
__Hheap                        heap         000000
__Hibigdata                    ibigdata     000000
__Hidata                       idata        000000
__Hidloc                       idloc        200008
__Hifardata                    ifardata     000000
__Hinit                        init         000070
__Hintcode                     intcode      00000E
__Hintcode_body                intcode_body 000000
__Hintcodelo                   intcodelo    00006C
__Hintentry                    intentry     000000
__Hintret                      intret       000000
__Hintsave_regs                intsave_regs 000000
__Hirdata                      irdata       000000
__Hmediumconst                 mediumconst  000000
__HnvFARRAM                    nvFARRAM     000000
__Hnvbit                       nvbit        000000
__Hnvrram                      nvrram       000000
__Hparam                       rparam       000000
__Hpowerup                     powerup      00006C
__Hram                         ram          000000
__Hramtop                      ramtop       000600
__Hrbit                        rbit         000000
__Hrbss                        rbss         000000
__Hrdata                       rdata        000000
__Hreset_vec                   reset_vec    000004
__Hrparam                      rparam       000000
__Hsfr                         sfr          000000
__Hsmallconst                  smallconst   000000
__Hspace_0                     (abs)        000600
__Hspace_1                     (abs)        00004A
__Hspace_2                     (abs)        000000
__Hspace_4                     (abs)        60000E
__Hstack                       stack        000000
__Hstruct                      struct       000000
__Htemp                        temp         00004A
__Htext                        text         000000
__Htext0                       text0        000000
__Htext1                       text1        000000
__Htext10                      text10       000000
__Htext11                      text11       000000
__Htext12                      text12       000000
__Htext13                      text13       000000
__Htext14                      text14       000000
__Htext16                      text16       000000
__Htext17                      text17       000000
__Htext18                      text18       000000
__Htext2                       text2        000000
__Htext3                       text3        000000
__Htext4                       text4        000000
__Htext5                       text5        000000
__Htext6                       text6        000000
__Htext7                       text7        000000
__Htext8                       text8        000000
__Htext9                       text9        000000
__LRAM                         (abs)        000001
__Labs1                        abs1         000000
__Lbank0                       bank0        000000
__Lbank1                       bank1        000000
__Lbank2                       bank2        000000
__Lbank3                       bank3        000000
__Lbank4                       bank4        000000
__Lbank5                       bank5        000000
__Lbigbss                      bigbss       000000
__Lbigdata                     bigdata      000000
__Lbigram                      bigram       000000
__Lbigsfr                      bigsfr       000000
__Lbss                         bss          000000
__LbssCOMRAM                   bssCOMRAM    000000
__Lcinit                       cinit        000000
__Lclrtext                     clrtext      000000
__Lcomram                      comram       000000
__Lconfig                      config       000000
__Lconst                       const        000000
__LcstackCOMRAM                cstackCOMRAM 000000
__Ldata                        data         000000
__Leeprom_data                 eeprom_data  000000
__Lfarbss                      farbss       000000
__Lfardata                     fardata      000000
__Lheap                        heap         000000
__Libigdata                    ibigdata     000000
__Lidata                       idata        000000
__Lidloc                       idloc        000000
__Lifardata                    ifardata     000000
__Linit                        init         00006C
__Lintcode                     intcode      000008
__Lintcode_body                intcode_body 000000
__Lintcodelo                   intcodelo    000018
__Lintentry                    intentry     000000
__Lintret                      intret       000000
__Lintsave_regs                intsave_regs 000000
__Lirdata                      irdata       000000
__Lmediumconst                 mediumconst  000000
__LnvFARRAM                    nvFARRAM     000000
__Lnvbit                       nvbit        000000
__Lnvrram                      nvrram       000000
__Lparam                       rparam       000000
__Lpowerup                     powerup      00006C
__Lram                         ram          000000
__Lramtop                      ramtop       000600
__Lrbit                        rbit         000000
__Lrbss                        rbss         000000
__Lrdata                       rdata        000000
__Lreset_vec                   reset_vec    000000
__Lrparam                      rparam       000000
__Lsfr                         sfr          000000
__Lsmallconst                  smallconst   000000
__Lspace_0                     (abs)        000000
__Lspace_1                     (abs)        000000
__Lspace_2                     (abs)        000000
__Lspace_4                     (abs)        000000
__Lstack                       stack        000000
__Lstruct                      struct       000000
__Ltemp                        temp         000049
__Ltext                        text         000000
__Ltext0                       text0        000000
__Ltext1                       text1        000000
__Ltext10                      text10       000000
__Ltext11                      text11       000000
__Ltext12                      text12       000000
__Ltext13                      text13       000000
__Ltext14                      text14       000000
__Ltext16                      text16       000000
__Ltext17                      text17       000000
__Ltext18                      text18       000000
__Ltext2                       text2        000000
__Ltext3                       text3        000000
__Ltext4                       text4        000000
__Ltext5                       text5        000000
__Ltext6                       text6        000000
__Ltext7                       text7        000000
__Ltext8                       text8        000000
__Ltext9                       text9        000000
__S0                           (abs)        00050C
__S1                           (abs)        00004A
__S4                           (abs)        000000
__S5                           (abs)        000000
___awmod                       text17       0001B4
___awmod@counter               cstackCOMRAM 00002F
___awmod@dividend              cstackCOMRAM 00002B
___awmod@divisor               cstackCOMRAM 00002D
___awmod@sign                  cstackCOMRAM 000030
___heap_hi                     (abs)        000000
___heap_lo                     (abs)        000000
___inthi_sp                    stack        000000
___intlo_sp                    stack        000000
___param_bank                  (abs)        000000
___rparam_used                 (abs)        000001
___sp                          stack        000000
___wmul                        text6        000454
___wmul@multiplicand           cstackCOMRAM 000039
___wmul@multiplier             cstackCOMRAM 000037
___wmul@product                cstackCOMRAM 00003B
__accesstop                    (abs)        000080
__activetblptr                 (abs)        000002
__end_of_ADC_Initialize        text12       0004C0
__end_of_CCP1_Initialize       text11       0004E2
__end_of_ClearBuffer           text14       0003C0
__end_of_GetString             text13       0004F6
__end_of_Hi_ISR                intcode_body 00050C
__end_of_INTERRUPT_Initialize  text10       000506
__end_of_Lo_ISR                intcodelo    00006C
__end_of_MyusartRead           text16       0002D6
__end_of_OSCILLATOR_Initialize text9        0004FE
__end_of_SYSTEM_Initialize     text7        0004AA
__end_of_UART_Initialize       text8        000454
__end_of_UART_Write            text18       0004D6
__end_of___awmod               text17       000264
__end_of___wmul                text6        00047A
__end_of__initialization       cinit        000486
__end_of_atoi                  text3        0001B4
__end_of_getstrLen             text2        0004EC
__end_of_isdigit               text5        00042A
__end_of_isspace               text4        00037E
__end_of_main                  text0        000338
__end_of_strcpy                text1        0003FE
__initialization               cinit        00047A
__mediumconst                  mediumconst  000000
__pbssCOMRAM                   bssCOMRAM    000001
__pcinit                       cinit        00047A
__pcstackCOMRAM                cstackCOMRAM 00002B
__pintcode                     intcode      000008
__pintcode_body                intcode_body 000506
__pintcodelo                   intcodelo    000018
__ptext0                       text0        0002D6
__ptext1                       text1        0003C0
__ptext10                      text10       0004FE
__ptext11                      text11       0004D6
__ptext12                      text12       0004AA
__ptext13                      text13       0004EC
__ptext14                      text14       00037E
__ptext16                      text16       000264
__ptext17                      text17       0001B4
__ptext18                      text18       0004C0
__ptext2                       text2        0004E2
__ptext3                       text3        000070
__ptext4                       text4        000338
__ptext5                       text5        0003FE
__ptext6                       text6        000454
__ptext7                       text7        000494
__ptext8                       text8        00042A
__ptext9                       text9        0004F6
__ramtop                       ramtop       000600
__smallconst                   smallconst   000000
_atoi                          text3        000070
_getstrLen                     text2        0004E2
_isdigit                       text5        0003FE
_isspace                       text4        000338
_isspace$1218                  cstackCOMRAM 00003B
_lenStr                        bssCOMRAM    000001
_main                          text0        0002D6
_mystring                      bssCOMRAM    000017
_str                           bssCOMRAM    000003
_strcpy                        text1        0003C0
atoi@n                         cstackCOMRAM 000044
atoi@neg                       cstackCOMRAM 000042
atoi@s                         cstackCOMRAM 00003D
btemp                          temp         000049
end_of_initialization          cinit        000486
int$flags                      temp         000049
int_func                       intcode_body 000506
intlevel0                      text         000000
intlevel1                      text         000000
intlevel2                      text         000000
intlevel3                      text         000000
isa$std                        (abs)        000001
isa$xinst                      (abs)        000000
isdigit@c                      cstackCOMRAM 000037
isspace@c                      cstackCOMRAM 000037
main@index                     cstackCOMRAM 000047
stackhi                        (abs)        000000
stacklo                        (abs)        000000
start                          init         00006C
start_initialization           cinit        00047A
strcpy@d                       cstackCOMRAM 00003F
strcpy@dest                    cstackCOMRAM 000039
strcpy@s                       cstackCOMRAM 00003D
strcpy@src                     cstackCOMRAM 00003B
ttemp5                         temp         00004A
ttemp6                         temp         00004D
ttemp7                         temp         000051
wtemp8                         temp         00004A


MODULE INFORMATION

Module		Function		Class		Link	Load	Size
setting_hardaware/interrupt_manager.c
		_INTERRUPT_Initialize		CODE           	04FE	0000	8

setting_hardaware/interrupt_manager.c estimated size: 8

C:\Program Files\Microchip\xc8\v2.40\pic\sources\c99\common\isspace.c
		_isspace       		CODE           	0338	0000	70

C:\Program Files\Microchip\xc8\v2.40\pic\sources\c99\common\isspace.c estimated size: 70

C:\Program Files\Microchip\xc8\v2.40\pic\sources\c99\common\atoi.c
		_atoi          		CODE           	0070	0000	324

C:\Program Files\Microchip\xc8\v2.40\pic\sources\c99\common\atoi.c estimated size: 324

C:\Program Files\Microchip\xc8\v2.40\pic\sources\c99\common\Umul16.c
		___wmul        		CODE           	0454	0000	38

C:\Program Files\Microchip\xc8\v2.40\pic\sources\c99\common\Umul16.c estimated size: 38

setting_hardaware/uart.c
		_Lo_ISR        		CODE           	0018	0000	84
		_MyusartRead   		CODE           	0264	0000	114
		_GetString     		CODE           	04EC	0000	10
		_ClearBuffer   		CODE           	037E	0000	66
		_getstrLen     		CODE           	04E2	0000	10
		_UART_Initialize		CODE           	042A	0000	42
		_UART_Write    		CODE           	04C0	0000	22

setting_hardaware/uart.c estimated size: 348

C:\Program Files\Microchip\xc8\v2.40\pic\sources\c99\common\isdigit.c
		_isdigit       		CODE           	03FE	0000	44

C:\Program Files\Microchip\xc8\v2.40\pic\sources\c99\common\isdigit.c estimated size: 44

setting_hardaware/ccp1.c
		_CCP1_Initialize		CODE           	04D6	0000	12

setting_hardaware/ccp1.c estimated size: 12

setting_hardaware/adc.c
		_ADC_Initialize		CODE           	04AA	0000	22

setting_hardaware/adc.c estimated size: 22

shared
		__initialization		CODE           	047A	0000	12

shared estimated size: 12

C:\Program Files\Microchip\xc8\v2.40\pic\sources\c99\common\strcpy.c
		_strcpy        		CODE           	03C0	0000	62

C:\Program Files\Microchip\xc8\v2.40\pic\sources\c99\common\strcpy.c estimated size: 62

setting_hardaware/setting.c
		_OSCILLATOR_Initialize		CODE           	04F6	0000	8
		_SYSTEM_Initialize		CODE           	0494	0000	22

setting_hardaware/setting.c estimated size: 30

C:\Program Files\Microchip\xc8\v2.40\pic\sources\c99\common\awmod.c
		___awmod       		CODE           	01B4	0000	176

C:\Program Files\Microchip\xc8\v2.40\pic\sources\c99\common\awmod.c estimated size: 176

main.c
		_main          		CODE           	02D6	0000	98
		_Hi_ISR        		CODE           	0008	0000	12

main.c estimated size: 110

